Input #0, lavfi, from 'color=c=blue:s=160x90:r=12':
  Duration: N/A, start: 0.000000, bitrate: N/A
  Stream #0:0: Video: wrapped_avframe, yuv420p, 160x90 [SAR 1:1 DAR 16:9], 12 fps, 12 tbr, 12 tbn
Stream mapping:
  Stream #0:0 -> #0:0 (wrapped_avframe (native) -> h264 (libx264))
Press [q] to stop, [?] for help
[libx264 @ 0x572e7e17cc80] using SAR=1/1
[libx264 @ 0x572e7e17cc80] using cpu capabilities: MMX2 SSE2Fast SSSE3 SSE4.2 AVX FMA3 BMI2 AVX2
[libx264 @ 0x572e7e17cc80] profile High, level 1.0, 4:2:0, 8-bit
[libx264 @ 0x572e7e17cc80] 264 - core 164 r3108 31e19f9 - H.264/MPEG-4 AVC codec - Copyleft 2003-2023 - http://www.videolan.org/x264.html - options: cabac=1 ref=3 deblock=1:0:0 analyse=0x3:0x113 me=hex subme=7 psy=1 psy_rd=1.00:0.00 mixed_ref=1 me_range=16 chroma_me=1 trellis=1 8x8dct=1 cqm=0 deadzone=21,11 fast_pskip=1 chroma_qp_offset=-2 threads=1 lookahead_threads=1 sliced_threads=0 nr=0 decimate=1 interlaced=0 bluray_compat=0 constrained_intra=0 bframes=3 b_pyramid=2 b_adapt=1 b_bias=0 direct=1 weightb=1 open_gop=0 weightp=2 keyint=12 keyint_min=1 scenecut=40 intra_refresh=0 rc_lookahead=12 rc=crf mbtree=1 crf=23.0 qcomp=0.60 qpmin=0 qpmax=69 qpstep=4 ip_ratio=1.40 aq=1:1.00
Output #0, hls, to '/tmp/pirate-video-proof-media/master.m3u8':
  Metadata:
    encoder         : Lavf60.16.100
  Stream #0:0: Video: h264, yuv420p(progressive), 160x90 [SAR 1:1 DAR 16:9], q=2-31, 12 fps, 90k tbn
    Metadata:
      encoder         : Lavc60.31.102 libx264
    Side data:
      cpb: bitrate max/min/avg: 0/0/0 buffer size: 0 vbv_delay: N/A
frame=    0 fps=0.0 q=0.0 size=       0kB time=N/A bitrate=N/A speed=N/A
[hls @ 0x572e7e179f80] Opening '/tmp/pirate-video-proof-media/master0.ts' for writing
[hls @ 0x572e7e179f80] Opening '/tmp/pirate-video-proof-media/master.m3u8.tmp' for writing
[hls @ 0x572e7e179f80] Opening '/tmp/pirate-video-proof-media/master1.ts' for writing
[hls @ 0x572e7e179f80] Opening '/tmp/pirate-video-proof-media/master.m3u8.tmp' for writing
[hls @ 0x572e7e179f80] Opening '/tmp/pirate-video-proof-media/master2.ts' for writing
[hls @ 0x572e7e179f80] Opening '/tmp/pirate-video-proof-media/master.m3u8.tmp' for writing
[out#0/hls @ 0x572e7e1793c0] video:1kB audio:0kB subtitle:0kB other streams:0kB global headers:0kB muxing overhead: unknown
frame=   36 fps=0.0 q=26.0 Lsize=N/A time=00:00:02.75 bitrate=N/A speed= 205x
[libx264 @ 0x572e7e17cc80] frame I:3     Avg QP: 5.00  size:    57
[libx264 @ 0x572e7e17cc80] frame P:9     Avg QP: 8.44  size:    20
[libx264 @ 0x572e7e17cc80] frame B:24    Avg QP:10.71  size:    14
[libx264 @ 0x572e7e17cc80] consecutive B-frames:  8.3%  0.0% 25.0% 66.7%
[libx264 @ 0x572e7e17cc80] mb I  I16..4: 100.0%  0.0%  0.0%
[libx264 @ 0x572e7e17cc80] mb P  I16..4:  0.0%  0.0%  0.0%  P16..4:  0.0%  0.0%  0.0%  0.0%  0.0%    skip:100.0%
[libx264 @ 0x572e7e17cc80] mb B  I16..4:  0.0%  0.0%  0.0%  B16..8:  0.0%  0.0%  0.0%  direct: 0.0%  skip:100.0%
[libx264 @ 0x572e7e17cc80] 8x8 transform intra:0.0%
[libx264 @ 0x572e7e17cc80] coded y,uvDC,uvAC intra: 0.0% 1.7% 0.0% inter: 0.0% 0.0% 0.0%
[libx264 @ 0x572e7e17cc80] i16 v,h,dc,p: 83%  0% 17%  0%
[libx264 @ 0x572e7e17cc80] i8c dc,h,v,p: 100%  0%  0%  0%
[libx264 @ 0x572e7e17cc80] Weighted P-Frames: Y:0.0% UV:0.0%
[libx264 @ 0x572e7e17cc80] kb/s:1.79
exit=0
