
 RUN  v4.1.11 /media/t42/codedrive/Code/pirate-workspace/.worktrees/pirate-web-solid/solid-video-publish-stall-diagnosis

Not implemented: HTMLMediaElement's pause() method
Not implemented: HTMLMediaElement's pause() method
Not implemented: HTMLMediaElement's pause() method
Not implemented: HTMLMediaElement's pause() method
Not implemented: HTMLMediaElement's pause() method
Not implemented: HTMLMediaElement's pause() method
Not implemented: HTMLMediaElement's pause() method
Not implemented: HTMLMediaElement's pause() method
Not implemented: HTMLMediaElement's pause() method
Not implemented: HTMLMediaElement's pause() method
Not implemented: HTMLMediaElement's play() method
Not implemented: HTMLMediaElement's play() method
Not implemented: HTMLMediaElement's pause() method
Not implemented: HTMLMediaElement's pause() method
Not implemented: HTMLMediaElement's pause() method
Not implemented: HTMLMediaElement's play() method
Not implemented: HTMLMediaElement's play() method
Not implemented: HTMLMediaElement's pause() method

 Test Files  1 passed (1)
      Tests  3 passed | 102 skipped (105)
   Start at  17:37:51
   Duration  8.02s (transform 2.70s, setup 640ms, import 3.21s, tests 2.64s, environment 1.35s)

