$ vitest run --config vitest.app.config.ts "--maxWorkers=1"

 RUN  v4.1.10 /media/t42/codedrive/Code/pirate-workspace/.worktrees/pirate-web-solid/solid-video-playback-clock-and-viewer-copy

Not implemented: Window's scrollTo() method
Not implemented: Window's scrollTo() method
Not implemented: Window's scrollTo() method
Not implemented: Window's scrollTo() method
Not implemented: Window's scrollTo() method
Not implemented: Window's scrollTo() method
Not implemented: Window's scrollTo() method
Not implemented: Window's scrollTo() method
Not implemented: Window's scrollTo() method
Not implemented: Window's scrollTo() method
Not implemented: Window's scrollTo() method
Not implemented: Window's scrollTo() method
Not implemented: Window's scrollTo() method
Not implemented: Window's scrollTo() method
Not implemented: Window's scrollTo() method
Not implemented: Window's scrollTo() method
Not implemented: Window's scrollTo() method
Not implemented: Window's scrollTo() method
Not implemented: HTMLMediaElement's load() method
Not implemented: HTMLMediaElement's load() method
Not implemented: HTMLMediaElement's load() method
Not implemented: HTMLMediaElement's load() method
Not implemented: HTMLMediaElement's load() method
Not implemented: HTMLMediaElement's load() method
Not implemented: HTMLMediaElement's load() method
Not implemented: Window's scrollTo() method
Not implemented: HTMLMediaElement's pause() method
Not implemented: HTMLMediaElement's load() method
Not implemented: HTMLMediaElement's pause() method
Not implemented: HTMLMediaElement's load() method
Not implemented: HTMLMediaElement's pause() method
Not implemented: HTMLMediaElement's load() method
Not implemented: HTMLMediaElement's pause() method
Not implemented: Window's scrollTo() method
Not implemented: Window's scrollTo() method
Not implemented: HTMLMediaElement's pause() method
Not implemented: HTMLMediaElement's pause() method
Not implemented: HTMLMediaElement's load() method
Not implemented: Window's scrollTo() method
Not implemented: Window's scrollTo() method
Not implemented: Window's scrollTo() method
Not implemented: Window's scrollTo() method

 Test Files  71 passed (71)
      Tests  498 passed (498)
   Start at  22:36:52
   Duration  86.16s (transform 4.13s, setup 5.47s, import 16.00s, tests 16.40s, environment 40.24s)

